// Jest Snapshot v1, https://goo.gl/fbAQLP

exports[`Content Section renders correctly 1`] = `
ShallowWrapper {
  "length": 1,
  Symbol(enzyme.__root__): [Circular],
  Symbol(enzyme.__unrendered__): <Content />,
  Symbol(enzyme.__renderer__): Object {
    "batchedUpdates": [Function],
    "getNode": [Function],
    "render": [Function],
    "simulateEvent": [Function],
    "unmount": [Function],
  },
  Symbol(enzyme.__node__): Object {
    "instance": null,
    "key": undefined,
    "nodeType": "host",
    "props": Object {
      "children": <Switch>
        <Redirect
          exact={true}
          from="/"
          push={false}
          to="/gallery"
        />
        <Route
          path="/gallery"
          render={[Function]}
        />
        <Route
          component={[Function]}
          path="/contact"
        />
        <Route
          component={[Function]}
          path="/shop"
        />
        <Route
          component={[Function]}
        />
      </Switch>,
      "className": "content-section",
    },
    "ref": null,
    "rendered": Object {
      "instance": null,
      "key": undefined,
      "nodeType": "class",
      "props": Object {
        "children": Array [
          <Redirect
            exact={true}
            from="/"
            push={false}
            to="/gallery"
          />,
          <Route
            path="/gallery"
            render={[Function]}
          />,
          <Route
            component={[Function]}
            path="/contact"
          />,
          <Route
            component={[Function]}
            path="/shop"
          />,
          <Route
            component={[Function]}
          />,
        ],
      },
      "ref": null,
      "rendered": Array [
        Object {
          "instance": null,
          "key": undefined,
          "nodeType": "class",
          "props": Object {
            "exact": true,
            "from": "/",
            "push": false,
            "to": "/gallery",
          },
          "ref": null,
          "rendered": null,
          "type": [Function],
        },
        Object {
          "instance": null,
          "key": undefined,
          "nodeType": "class",
          "props": Object {
            "path": "/gallery",
            "render": [Function],
          },
          "ref": null,
          "rendered": null,
          "type": [Function],
        },
        Object {
          "instance": null,
          "key": undefined,
          "nodeType": "class",
          "props": Object {
            "component": [Function],
            "path": "/contact",
          },
          "ref": null,
          "rendered": null,
          "type": [Function],
        },
        Object {
          "instance": null,
          "key": undefined,
          "nodeType": "class",
          "props": Object {
            "component": [Function],
            "path": "/shop",
          },
          "ref": null,
          "rendered": null,
          "type": [Function],
        },
        Object {
          "instance": null,
          "key": undefined,
          "nodeType": "class",
          "props": Object {
            "component": [Function],
          },
          "ref": null,
          "rendered": null,
          "type": [Function],
        },
      ],
      "type": [Function],
    },
    "type": "section",
  },
  Symbol(enzyme.__nodes__): Array [
    Object {
      "instance": null,
      "key": undefined,
      "nodeType": "host",
      "props": Object {
        "children": <Switch>
          <Redirect
            exact={true}
            from="/"
            push={false}
            to="/gallery"
          />
          <Route
            path="/gallery"
            render={[Function]}
          />
          <Route
            component={[Function]}
            path="/contact"
          />
          <Route
            component={[Function]}
            path="/shop"
          />
          <Route
            component={[Function]}
          />
        </Switch>,
        "className": "content-section",
      },
      "ref": null,
      "rendered": Object {
        "instance": null,
        "key": undefined,
        "nodeType": "class",
        "props": Object {
          "children": Array [
            <Redirect
              exact={true}
              from="/"
              push={false}
              to="/gallery"
            />,
            <Route
              path="/gallery"
              render={[Function]}
            />,
            <Route
              component={[Function]}
              path="/contact"
            />,
            <Route
              component={[Function]}
              path="/shop"
            />,
            <Route
              component={[Function]}
            />,
          ],
        },
        "ref": null,
        "rendered": Array [
          Object {
            "instance": null,
            "key": undefined,
            "nodeType": "class",
            "props": Object {
              "exact": true,
              "from": "/",
              "push": false,
              "to": "/gallery",
            },
            "ref": null,
            "rendered": null,
            "type": [Function],
          },
          Object {
            "instance": null,
            "key": undefined,
            "nodeType": "class",
            "props": Object {
              "path": "/gallery",
              "render": [Function],
            },
            "ref": null,
            "rendered": null,
            "type": [Function],
          },
          Object {
            "instance": null,
            "key": undefined,
            "nodeType": "class",
            "props": Object {
              "component": [Function],
              "path": "/contact",
            },
            "ref": null,
            "rendered": null,
            "type": [Function],
          },
          Object {
            "instance": null,
            "key": undefined,
            "nodeType": "class",
            "props": Object {
              "component": [Function],
              "path": "/shop",
            },
            "ref": null,
            "rendered": null,
            "type": [Function],
          },
          Object {
            "instance": null,
            "key": undefined,
            "nodeType": "class",
            "props": Object {
              "component": [Function],
            },
            "ref": null,
            "rendered": null,
            "type": [Function],
          },
        ],
        "type": [Function],
      },
      "type": "section",
    },
  ],
  Symbol(enzyme.__options__): Object {
    "adapter": ReactSixteenAdapter {
      "options": Object {
        "enableComponentDidUpdateOnSetState": true,
      },
    },
  },
}
`;
